Value: struct { #c = 12; #d = 10 }
Type: struct { #c: int }

throws TypeCheckError

Value: struct { #c = 2; #d = 10 }
Type: struct { #c: int }
