Value: 1
Type: int

Value: 1
Type: int

Value: 1
Type: int

Value: 30
Type: int

Value: 3
Type: int
